[debug] [2026-07-27T23:27:06.945Z] ----------------------------------------------------------------------
[debug] [2026-07-27T23:27:06.947Z] Command:       C:\Program Files\nodejs\node.exe C:\Users\Dell\AppData\Local\npm-cache\_npx\7750544ccf494d8b\node_modules\firebase-tools\lib\bin\firebase.js deploy --only firestore:rules --project findyourpet-db301
[debug] [2026-07-27T23:27:06.948Z] CLI Version:   15.24.0
[debug] [2026-07-27T23:27:06.948Z] Platform:      win32
[debug] [2026-07-27T23:27:06.948Z] Node Version:  v24.16.0
[debug] [2026-07-27T23:27:06.948Z] Detected Agent: codex_cli
[debug] [2026-07-27T23:27:06.949Z] Time:          Mon Jul 27 2026 20:27:06 GMT-0300 (hora estándar de Argentina)
[debug] [2026-07-27T23:27:06.949Z] ----------------------------------------------------------------------
[debug] 
[debug] [2026-07-27T23:27:06.960Z] >>> [apiv2][query] GET https://firebase-public.firebaseio.com/cli.json [none]
[debug] [2026-07-27T23:27:11.111Z] > command requires scopes: ["email","openid","https://www.googleapis.com/auth/cloudplatformprojects.readonly","https://www.googleapis.com/auth/firebase","https://www.googleapis.com/auth/cloud-platform"]
[debug] [2026-07-27T23:27:11.148Z] Error: Could not load the default credentials. Browse to https://cloud.google.com/docs/authentication/getting-started for more information.
    at GoogleAuth.getApplicationDefaultAsync (C:\Users\Dell\AppData\Local\npm-cache\_npx\7750544ccf494d8b\node_modules\google-auth-library\build\src\auth\googleauth.js:287:15)
    at process.processTicksAndRejections (node:internal/process/task_queues:104:5)
    at async GoogleAuth._GoogleAuth_determineClient (C:\Users\Dell\AppData\Local\npm-cache\_npx\7750544ccf494d8b\node_modules\google-auth-library\build\src\auth\googleauth.js:834:32)
    at async GoogleAuth.getClient (C:\Users\Dell\AppData\Local\npm-cache\_npx\7750544ccf494d8b\node_modules\google-auth-library\build\src\auth\googleauth.js:698:20)
    at async GoogleAuth.getAccessToken (C:\Users\Dell\AppData\Local\npm-cache\_npx\7750544ccf494d8b\node_modules\google-auth-library\build\src\auth\googleauth.js:722:24)
    at async autoAuth (C:\Users\Dell\AppData\Local\npm-cache\_npx\7750544ccf494d8b\node_modules\firebase-tools\lib\requireAuth.js:38:19)
    at async requireAuth (C:\Users\Dell\AppData\Local\npm-cache\_npx\7750544ccf494d8b\node_modules\firebase-tools\lib\requireAuth.js:100:20)
    at async requirePermissions (C:\Users\Dell\AppData\Local\npm-cache\_npx\7750544ccf494d8b\node_modules\firebase-tools\lib\requirePermissions.js:17:5)
    at async C:\Users\Dell\AppData\Local\npm-cache\_npx\7750544ccf494d8b\node_modules\firebase-tools\lib\command.js:271:17
[error] 
[error] Error: Failed to authenticate, have you run firebase login?
